
===========================================================================
report_checks -unconstrained
===========================================================================
======================= Typical Corner ===================================

Startpoint: rst (input port clocked by clk)
Endpoint: _28022_ (recovery check against rising-edge clock clk)
Path Group: asynchronous
Path Type: max

Fanout     Cap    Slew   Delay    Time   Description
-----------------------------------------------------------------------------
                          0.00    0.00   clock clk (rise edge)
                          0.00    0.00   clock network delay (propagated)
                          4.00    4.00 v input external delay
                  0.01    0.00    4.00 v rst (in)
     1    0.00                           rst (net)
                  0.01    0.00    4.00 v input1/A (sky130_fd_sc_hd__dlymetal6s2s_1)
                  0.10    0.19    4.19 v input1/X (sky130_fd_sc_hd__dlymetal6s2s_1)
     2    0.02                           net1 (net)
                  0.10    0.00    4.19 v _20392_/A (sky130_fd_sc_hd__inv_2)
                  0.04    0.07    4.27 ^ _20392_/Y (sky130_fd_sc_hd__inv_2)
     1    0.00                           _00261_ (net)
                  0.04    0.00    4.27 ^ _28022_/SET_B (sky130_fd_sc_hd__dfstp_1)
                                  4.27   data arrival time

                         20.00   20.00   clock clk (rise edge)
                          0.00   20.00   clock source latency
                  0.46    0.31   20.31 ^ clk (in)
     2    0.10                           clk (net)
                  0.46    0.00   20.31 ^ clkbuf_0_clk/A (sky130_fd_sc_hd__clkbuf_16)
                  0.18    0.32   20.63 ^ clkbuf_0_clk/X (sky130_fd_sc_hd__clkbuf_16)
     6    0.16                           clknet_0_clk (net)
                  0.18    0.01   20.63 ^ clkbuf_2_1_0_clk/A (sky130_fd_sc_hd__clkbuf_8)
                  0.32    0.35   20.99 ^ clkbuf_2_1_0_clk/X (sky130_fd_sc_hd__clkbuf_8)
     8    0.19                           clknet_2_1_0_clk (net)
                  0.32    0.01   20.99 ^ clkbuf_5_10__f_clk/A (sky130_fd_sc_hd__clkbuf_16)
                  0.13    0.27   21.26 ^ clkbuf_5_10__f_clk/X (sky130_fd_sc_hd__clkbuf_16)
     9    0.11                           clknet_5_10__leaf_clk (net)
                  0.13    0.00   21.26 ^ clkbuf_leaf_276_clk/A (sky130_fd_sc_hd__clkbuf_16)
                  0.05    0.16   21.42 ^ clkbuf_leaf_276_clk/X (sky130_fd_sc_hd__clkbuf_16)
    10    0.03                           clknet_leaf_276_clk (net)
                  0.05    0.00   21.42 ^ _28022_/CLK (sky130_fd_sc_hd__dfstp_1)
                         -0.25   21.17   clock uncertainty
                          0.00   21.17   clock reconvergence pessimism
                          0.14   21.31   library recovery time
                                 21.31   data required time
-----------------------------------------------------------------------------
                                 21.31   data required time
                                 -4.27   data arrival time
-----------------------------------------------------------------------------
                                 17.05   slack (MET)


Startpoint: _30799_ (rising edge-triggered flip-flop clocked by clk)
Endpoint: flush_e_dbg (output port clocked by clk)
Path Group: clk
Path Type: max

Fanout     Cap    Slew   Delay    Time   Description
-----------------------------------------------------------------------------
                          0.00    0.00   clock clk (rise edge)
                          0.00    0.00   clock source latency
                  0.46    0.34    0.34 ^ clk (in)
     2    0.10                           clk (net)
                  0.46    0.00    0.34 ^ clkbuf_0_clk/A (sky130_fd_sc_hd__clkbuf_16)
                  0.18    0.35    0.70 ^ clkbuf_0_clk/X (sky130_fd_sc_hd__clkbuf_16)
     6    0.16                           clknet_0_clk (net)
                  0.18    0.01    0.70 ^ clkbuf_2_3_0_clk/A (sky130_fd_sc_hd__clkbuf_8)
                  0.34    0.40    1.10 ^ clkbuf_2_3_0_clk/X (sky130_fd_sc_hd__clkbuf_8)
     8    0.20                           clknet_2_3_0_clk (net)
                  0.34    0.01    1.11 ^ clkbuf_5_24__f_clk/A (sky130_fd_sc_hd__clkbuf_16)
                  0.18    0.33    1.44 ^ clkbuf_5_24__f_clk/X (sky130_fd_sc_hd__clkbuf_16)
    13    0.16                           clknet_5_24__leaf_clk (net)
                  0.18    0.00    1.45 ^ clkbuf_leaf_250_clk/A (sky130_fd_sc_hd__clkbuf_16)
                  0.07    0.20    1.65 ^ clkbuf_leaf_250_clk/X (sky130_fd_sc_hd__clkbuf_16)
    15    0.05                           clknet_leaf_250_clk (net)
                  0.07    0.00    1.65 ^ _30799_/CLK (sky130_fd_sc_hd__dfxtp_2)
                  0.06    0.37    2.02 v _30799_/Q (sky130_fd_sc_hd__dfxtp_2)
     6    0.02                           exmem.rd_e[2] (net)
                  0.06    0.00    2.02 v _13603_/B (sky130_fd_sc_hd__or3b_4)
                  0.07    0.40    2.42 v _13603_/X (sky130_fd_sc_hd__or3b_4)
     1    0.01                           _11738_ (net)
                  0.07    0.00    2.42 v _13604_/D (sky130_fd_sc_hd__or4_4)
                  0.09    0.46    2.88 v _13604_/X (sky130_fd_sc_hd__or4_4)
     4    0.01                           _11739_ (net)
                  0.09    0.00    2.88 v _13686_/A2 (sky130_fd_sc_hd__a21o_1)
                  0.09    0.26    3.14 v _13686_/X (sky130_fd_sc_hd__a21o_1)
     2    0.02                           _11821_ (net)
                  0.09    0.00    3.14 v _13687_/A (sky130_fd_sc_hd__buf_6)
                  0.06    0.18    3.32 v _13687_/X (sky130_fd_sc_hd__buf_6)
     6    0.05                           _11822_ (net)
                  0.06    0.00    3.32 v _13698_/A (sky130_fd_sc_hd__buf_12)
                  0.04    0.16    3.47 v _13698_/X (sky130_fd_sc_hd__buf_12)
     6    0.06                           _11833_ (net)
                  0.04    0.00    3.48 v _13706_/A2 (sky130_fd_sc_hd__a221oi_4)
                  0.24    0.32    3.80 ^ _13706_/Y (sky130_fd_sc_hd__a221oi_4)
     2    0.01                           _11841_ (net)
                  0.24    0.00    3.80 ^ _13708_/A2 (sky130_fd_sc_hd__o21ai_2)
                  0.05    0.09    3.88 v _13708_/Y (sky130_fd_sc_hd__o21ai_2)
     2    0.01                           _11843_ (net)
                  0.05    0.00    3.88 v _13721_/B (sky130_fd_sc_hd__or4_4)
                  0.11    0.58    4.47 v _13721_/X (sky130_fd_sc_hd__or4_4)
     4    0.02                           _11856_ (net)
                  0.11    0.00    4.47 v _13746_/A1 (sky130_fd_sc_hd__o31a_4)
                  0.09    0.45    4.92 v _13746_/X (sky130_fd_sc_hd__o31a_4)
     7    0.04                           _11881_ (net)
                  0.09    0.00    4.92 v _13813_/A (sky130_fd_sc_hd__or4_4)
                  0.09    0.59    5.51 v _13813_/X (sky130_fd_sc_hd__or4_4)
     1    0.01                           _11948_ (net)
                  0.09    0.00    5.51 v _13814_/A (sky130_fd_sc_hd__buf_6)
                  0.04    0.16    5.68 v _13814_/X (sky130_fd_sc_hd__buf_6)
     8    0.03                           _11949_ (net)
                  0.04    0.00    5.68 v _13954_/A (sky130_fd_sc_hd__or4_4)
                  0.08    0.55    6.23 v _13954_/X (sky130_fd_sc_hd__or4_4)
     2    0.00                           _12089_ (net)
                  0.08    0.00    6.23 v _13956_/C (sky130_fd_sc_hd__and3_1)
                  0.06    0.23    6.46 v _13956_/X (sky130_fd_sc_hd__and3_1)
     3    0.01                           _12091_ (net)
                  0.06    0.00    6.46 v _13957_/D (sky130_fd_sc_hd__or4_4)
                  0.09    0.45    6.92 v _13957_/X (sky130_fd_sc_hd__or4_4)
     2    0.01                           _12092_ (net)
                  0.09    0.00    6.92 v _13965_/A (sky130_fd_sc_hd__or3_4)
                  0.08    0.44    7.36 v _13965_/X (sky130_fd_sc_hd__or3_4)
     2    0.01                           _12100_ (net)
                  0.08    0.00    7.36 v _13966_/C1 (sky130_fd_sc_hd__a311o_4)
                  0.08    0.37    7.73 v _13966_/X (sky130_fd_sc_hd__a311o_4)
     3    0.02                           _12101_ (net)
                  0.08    0.00    7.74 v _13992_/A1 (sky130_fd_sc_hd__a211o_4)
                  0.07    0.38    8.11 v _13992_/X (sky130_fd_sc_hd__a211o_4)
     2    0.02                           _12127_ (net)
                  0.07    0.00    8.12 v _14319_/A1 (sky130_fd_sc_hd__a31o_1)
                  0.05    0.20    8.32 v _14319_/X (sky130_fd_sc_hd__a31o_1)
     1    0.00                           _12454_ (net)
                  0.05    0.00    8.32 v _14320_/B1 (sky130_fd_sc_hd__o32a_4)
                  0.07    0.24    8.55 v _14320_/X (sky130_fd_sc_hd__o32a_4)
     2    0.01                           _12455_ (net)
                  0.07    0.00    8.55 v _14321_/D (sky130_fd_sc_hd__and4_1)
                  0.04    0.21    8.77 v _14321_/X (sky130_fd_sc_hd__and4_1)
     1    0.00                           _12456_ (net)
                  0.04    0.00    8.77 v _14322_/D (sky130_fd_sc_hd__and4_1)
                  0.05    0.22    8.99 v _14322_/X (sky130_fd_sc_hd__and4_1)
     1    0.01                           _12457_ (net)
                  0.05    0.00    8.99 v _14323_/D (sky130_fd_sc_hd__and4_4)
                  0.08    0.26    9.24 v _14323_/X (sky130_fd_sc_hd__and4_4)
     6    0.04                           _12458_ (net)
                  0.08    0.00    9.25 v rebuffer2/A (sky130_fd_sc_hd__buf_2)
                  0.03    0.14    9.39 v rebuffer2/X (sky130_fd_sc_hd__buf_2)
     1    0.00                           net3983 (net)
                  0.03    0.00    9.39 v _15198_/A2 (sky130_fd_sc_hd__a21oi_1)
                  0.31    0.30    9.68 ^ _15198_/Y (sky130_fd_sc_hd__a21oi_1)
     1    0.01                           _13333_ (net)
                  0.31    0.00    9.68 ^ _15199_/C1 (sky130_fd_sc_hd__a211o_4)
                  0.12    0.23    9.91 ^ _15199_/X (sky130_fd_sc_hd__a211o_4)
     6    0.04                           _13334_ (net)
                  0.12    0.00    9.91 ^ _15200_/A (sky130_fd_sc_hd__buf_8)
                  0.08    0.15   10.07 ^ _15200_/X (sky130_fd_sc_hd__buf_8)
     6    0.04                           _13335_ (net)
                  0.08    0.00   10.07 ^ _16551_/A (sky130_fd_sc_hd__nand2_8)
                  0.16    0.14   10.21 v _16551_/Y (sky130_fd_sc_hd__nand2_8)
     2    0.12                           net3 (net)
                  0.16    0.01   10.22 v _16552_/B (sky130_fd_sc_hd__or2_4)
                  0.05    0.28   10.50 v _16552_/X (sky130_fd_sc_hd__or2_4)
     1    0.00                           _05046_ (net)
                  0.05    0.00   10.50 v _16553_/A (sky130_fd_sc_hd__clkbuf_1)
                  0.04    0.11   10.61 v _16553_/X (sky130_fd_sc_hd__clkbuf_1)
     1    0.01                           net4 (net)
                  0.04    0.00   10.61 v output4/A (sky130_fd_sc_hd__buf_6)
                  0.04    0.14   10.75 v output4/X (sky130_fd_sc_hd__buf_6)
     1    0.03                           flush_e_dbg (net)
                  0.04    0.00   10.75 v flush_e_dbg (out)
                                 10.75   data arrival time

                         20.00   20.00   clock clk (rise edge)
                          0.00   20.00   clock network delay (propagated)
                         -0.25   19.75   clock uncertainty
                          0.00   19.75   clock reconvergence pessimism
                         -4.00   15.75   output external delay
                                 15.75   data required time
-----------------------------------------------------------------------------
                                 15.75   data required time
                                -10.75   data arrival time
-----------------------------------------------------------------------------
                                  5.00   slack (MET)




===========================================================================
report_checks --slack_max -0.01
============================================================================
======================= Typical Corner ===================================

No paths found.


===========================================================================
 report_check_types -max_slew -max_cap -max_fanout -violators
============================================================================
======================= Typical Corner ===================================

max fanout

Pin                                   Limit Fanout  Slack
---------------------------------------------------------
clkbuf_leaf_169_clk/X                    10     21    -11 (VIOLATED)
clkbuf_leaf_294_clk/X                    10     19     -9 (VIOLATED)
clkbuf_leaf_150_clk/X                    10     17     -7 (VIOLATED)
clkbuf_leaf_298_clk/X                    10     17     -7 (VIOLATED)
_18787_/X                                10     16     -6 (VIOLATED)
clkbuf_leaf_208_clk/X                    10     16     -6 (VIOLATED)
clkbuf_leaf_277_clk/X                    10     16     -6 (VIOLATED)
clkbuf_leaf_334_clk/X                    10     16     -6 (VIOLATED)
clkbuf_leaf_47_clk/X                     10     16     -6 (VIOLATED)
_17381_/X                                10     15     -5 (VIOLATED)
clkbuf_5_13__f_clk/X                     10     15     -5 (VIOLATED)
clkbuf_5_5__f_clk/X                      10     15     -5 (VIOLATED)
clkbuf_leaf_122_clk/X                    10     15     -5 (VIOLATED)
clkbuf_leaf_148_clk/X                    10     15     -5 (VIOLATED)
clkbuf_leaf_178_clk/X                    10     15     -5 (VIOLATED)
clkbuf_leaf_187_clk/X                    10     15     -5 (VIOLATED)
clkbuf_leaf_22_clk/X                     10     15     -5 (VIOLATED)
clkbuf_leaf_237_clk/X                    10     15     -5 (VIOLATED)
clkbuf_leaf_238_clk/X                    10     15     -5 (VIOLATED)
clkbuf_leaf_246_clk/X                    10     15     -5 (VIOLATED)
clkbuf_leaf_250_clk/X                    10     15     -5 (VIOLATED)
clkbuf_leaf_255_clk/X                    10     15     -5 (VIOLATED)
clkbuf_leaf_349_clk/X                    10     15     -5 (VIOLATED)
clkbuf_leaf_361_clk/X                    10     15     -5 (VIOLATED)
clkbuf_leaf_51_clk/X                     10     15     -5 (VIOLATED)
_22335_/X                                10     14     -4 (VIOLATED)
clkbuf_5_1__f_clk/X                      10     14     -4 (VIOLATED)
clkbuf_5_29__f_clk/X                     10     14     -4 (VIOLATED)
clkbuf_5_30__f_clk/X                     10     14     -4 (VIOLATED)
clkbuf_5_31__f_clk/X                     10     14     -4 (VIOLATED)
clkbuf_leaf_175_clk/X                    10     14     -4 (VIOLATED)
clkbuf_leaf_180_clk/X                    10     14     -4 (VIOLATED)
clkbuf_leaf_194_clk/X                    10     14     -4 (VIOLATED)
clkbuf_leaf_224_clk/X                    10     14     -4 (VIOLATED)
clkbuf_leaf_236_clk/X                    10     14     -4 (VIOLATED)
clkbuf_leaf_240_clk/X                    10     14     -4 (VIOLATED)
clkbuf_leaf_247_clk/X                    10     14     -4 (VIOLATED)
clkbuf_leaf_256_clk/X                    10     14     -4 (VIOLATED)
clkbuf_leaf_287_clk/X                    10     14     -4 (VIOLATED)
clkbuf_leaf_292_clk/X                    10     14     -4 (VIOLATED)
clkbuf_leaf_295_clk/X                    10     14     -4 (VIOLATED)
clkbuf_leaf_2_clk/X                      10     14     -4 (VIOLATED)
clkbuf_leaf_320_clk/X                    10     14     -4 (VIOLATED)
clkbuf_leaf_35_clk/X                     10     14     -4 (VIOLATED)
clkbuf_leaf_37_clk/X                     10     14     -4 (VIOLATED)
clkbuf_leaf_71_clk/X                     10     14     -4 (VIOLATED)
clkbuf_leaf_77_clk/X                     10     14     -4 (VIOLATED)
clkbuf_leaf_81_clk/X                     10     14     -4 (VIOLATED)
clkbuf_leaf_8_clk/X                      10     14     -4 (VIOLATED)
clkbuf_leaf_94_clk/X                     10     14     -4 (VIOLATED)
_17403_/X                                10     13     -3 (VIOLATED)
_17443_/X                                10     13     -3 (VIOLATED)
_21055_/X                                10     13     -3 (VIOLATED)
clkbuf_5_24__f_clk/X                     10     13     -3 (VIOLATED)
clkbuf_5_2__f_clk/X                      10     13     -3 (VIOLATED)
clkbuf_5_4__f_clk/X                      10     13     -3 (VIOLATED)
clkbuf_5_6__f_clk/X                      10     13     -3 (VIOLATED)
clkbuf_5_7__f_clk/X                      10     13     -3 (VIOLATED)
clkbuf_5_9__f_clk/X                      10     13     -3 (VIOLATED)
clkbuf_leaf_129_clk/X                    10     13     -3 (VIOLATED)
clkbuf_leaf_12_clk/X                     10     13     -3 (VIOLATED)
clkbuf_leaf_133_clk/X                    10     13     -3 (VIOLATED)
clkbuf_leaf_134_clk/X                    10     13     -3 (VIOLATED)
clkbuf_leaf_135_clk/X                    10     13     -3 (VIOLATED)
clkbuf_leaf_20_clk/X                     10     13     -3 (VIOLATED)
clkbuf_leaf_21_clk/X                     10     13     -3 (VIOLATED)
clkbuf_leaf_226_clk/X                    10     13     -3 (VIOLATED)
clkbuf_leaf_241_clk/X                    10     13     -3 (VIOLATED)
clkbuf_leaf_242_clk/X                    10     13     -3 (VIOLATED)
clkbuf_leaf_244_clk/X                    10     13     -3 (VIOLATED)
clkbuf_leaf_249_clk/X                    10     13     -3 (VIOLATED)
clkbuf_leaf_278_clk/X                    10     13     -3 (VIOLATED)
clkbuf_leaf_280_clk/X                    10     13     -3 (VIOLATED)
clkbuf_leaf_281_clk/X                    10     13     -3 (VIOLATED)
clkbuf_leaf_282_clk/X                    10     13     -3 (VIOLATED)
clkbuf_leaf_332_clk/X                    10     13     -3 (VIOLATED)
clkbuf_leaf_351_clk/X                    10     13     -3 (VIOLATED)
clkbuf_leaf_357_clk/X                    10     13     -3 (VIOLATED)
clkbuf_leaf_41_clk/X                     10     13     -3 (VIOLATED)
clkbuf_leaf_83_clk/X                     10     13     -3 (VIOLATED)
_17435_/X                                10     12     -2 (VIOLATED)
_17515_/X                                10     12     -2 (VIOLATED)
_20692_/X                                10     12     -2 (VIOLATED)
_25452_/X                                10     12     -2 (VIOLATED)
_30712_/Q                                10     12     -2 (VIOLATED)
clkbuf_5_0__f_clk/X                      10     12     -2 (VIOLATED)
clkbuf_5_18__f_clk/X                     10     12     -2 (VIOLATED)
clkbuf_5_3__f_clk/X                      10     12     -2 (VIOLATED)
clkbuf_5_8__f_clk/X                      10     12     -2 (VIOLATED)
clkbuf_leaf_111_clk/X                    10     12     -2 (VIOLATED)
clkbuf_leaf_116_clk/X                    10     12     -2 (VIOLATED)
clkbuf_leaf_143_clk/X                    10     12     -2 (VIOLATED)
clkbuf_leaf_155_clk/X                    10     12     -2 (VIOLATED)
clkbuf_leaf_157_clk/X                    10     12     -2 (VIOLATED)
clkbuf_leaf_15_clk/X                     10     12     -2 (VIOLATED)
clkbuf_leaf_162_clk/X                    10     12     -2 (VIOLATED)
clkbuf_leaf_172_clk/X                    10     12     -2 (VIOLATED)
clkbuf_leaf_173_clk/X                    10     12     -2 (VIOLATED)
clkbuf_leaf_17_clk/X                     10     12     -2 (VIOLATED)
clkbuf_leaf_183_clk/X                    10     12     -2 (VIOLATED)
clkbuf_leaf_184_clk/X                    10     12     -2 (VIOLATED)
clkbuf_leaf_191_clk/X                    10     12     -2 (VIOLATED)
clkbuf_leaf_193_clk/X                    10     12     -2 (VIOLATED)
clkbuf_leaf_195_clk/X                    10     12     -2 (VIOLATED)
clkbuf_leaf_19_clk/X                     10     12     -2 (VIOLATED)
clkbuf_leaf_227_clk/X                    10     12     -2 (VIOLATED)
clkbuf_leaf_230_clk/X                    10     12     -2 (VIOLATED)
clkbuf_leaf_248_clk/X                    10     12     -2 (VIOLATED)
clkbuf_leaf_25_clk/X                     10     12     -2 (VIOLATED)
clkbuf_leaf_275_clk/X                    10     12     -2 (VIOLATED)
clkbuf_leaf_28_clk/X                     10     12     -2 (VIOLATED)
clkbuf_leaf_291_clk/X                    10     12     -2 (VIOLATED)
clkbuf_leaf_296_clk/X                    10     12     -2 (VIOLATED)
clkbuf_leaf_308_clk/X                    10     12     -2 (VIOLATED)
clkbuf_leaf_309_clk/X                    10     12     -2 (VIOLATED)
clkbuf_leaf_325_clk/X                    10     12     -2 (VIOLATED)
clkbuf_leaf_336_clk/X                    10     12     -2 (VIOLATED)
clkbuf_leaf_33_clk/X                     10     12     -2 (VIOLATED)
clkbuf_leaf_344_clk/X                    10     12     -2 (VIOLATED)
clkbuf_leaf_34_clk/X                     10     12     -2 (VIOLATED)
clkbuf_leaf_352_clk/X                    10     12     -2 (VIOLATED)
clkbuf_leaf_42_clk/X                     10     12     -2 (VIOLATED)
clkbuf_leaf_4_clk/X                      10     12     -2 (VIOLATED)
clkbuf_leaf_52_clk/X                     10     12     -2 (VIOLATED)
clkbuf_leaf_67_clk/X                     10     12     -2 (VIOLATED)
clkbuf_leaf_68_clk/X                     10     12     -2 (VIOLATED)
clkbuf_leaf_6_clk/X                      10     12     -2 (VIOLATED)
clkbuf_leaf_72_clk/X                     10     12     -2 (VIOLATED)
clkbuf_leaf_74_clk/X                     10     12     -2 (VIOLATED)
clkbuf_leaf_78_clk/X                     10     12     -2 (VIOLATED)
clkbuf_leaf_89_clk/X                     10     12     -2 (VIOLATED)
_14429_/X                                10     11        (VIOLATED)
_14919_/X                                10     11        (VIOLATED)
_17366_/X                                10     11        (VIOLATED)
_17468_/X                                10     11        (VIOLATED)
_17469_/X                                10     11        (VIOLATED)
_17493_/X                                10     11        (VIOLATED)
_17612_/X                                10     11        (VIOLATED)
_18081_/X                                10     11        (VIOLATED)
_18085_/X                                10     11        (VIOLATED)
_24153_/X                                10     11        (VIOLATED)
_30761_/Q                                10     11        (VIOLATED)
clkbuf_5_14__f_clk/X                     10     11        (VIOLATED)
clkbuf_5_21__f_clk/X                     10     11        (VIOLATED)
clkbuf_5_22__f_clk/X                     10     11        (VIOLATED)
clkbuf_5_28__f_clk/X                     10     11        (VIOLATED)
clkbuf_leaf_0_clk/X                      10     11        (VIOLATED)
clkbuf_leaf_106_clk/X                    10     11        (VIOLATED)
clkbuf_leaf_108_clk/X                    10     11        (VIOLATED)
clkbuf_leaf_10_clk/X                     10     11        (VIOLATED)
clkbuf_leaf_115_clk/X                    10     11        (VIOLATED)
clkbuf_leaf_11_clk/X                     10     11        (VIOLATED)
clkbuf_leaf_124_clk/X                    10     11        (VIOLATED)
clkbuf_leaf_125_clk/X                    10     11        (VIOLATED)
clkbuf_leaf_127_clk/X                    10     11        (VIOLATED)
clkbuf_leaf_128_clk/X                    10     11        (VIOLATED)
clkbuf_leaf_136_clk/X                    10     11        (VIOLATED)
clkbuf_leaf_13_clk/X                     10     11        (VIOLATED)
clkbuf_leaf_141_clk/X                    10     11        (VIOLATED)
clkbuf_leaf_149_clk/X                    10     11        (VIOLATED)
clkbuf_leaf_160_clk/X                    10     11        (VIOLATED)
clkbuf_leaf_164_clk/X                    10     11        (VIOLATED)
clkbuf_leaf_16_clk/X                     10     11        (VIOLATED)
clkbuf_leaf_177_clk/X                    10     11        (VIOLATED)
clkbuf_leaf_196_clk/X                    10     11        (VIOLATED)
clkbuf_leaf_198_clk/X                    10     11        (VIOLATED)
clkbuf_leaf_204_clk/X                    10     11        (VIOLATED)
clkbuf_leaf_205_clk/X                    10     11        (VIOLATED)
clkbuf_leaf_211_clk/X                    10     11        (VIOLATED)
clkbuf_leaf_216_clk/X                    10     11        (VIOLATED)
clkbuf_leaf_235_clk/X                    10     11        (VIOLATED)
clkbuf_leaf_245_clk/X                    10     11        (VIOLATED)
clkbuf_leaf_26_clk/X                     10     11        (VIOLATED)
clkbuf_leaf_283_clk/X                    10     11        (VIOLATED)
clkbuf_leaf_297_clk/X                    10     11        (VIOLATED)
clkbuf_leaf_29_clk/X                     10     11        (VIOLATED)
clkbuf_leaf_301_clk/X                    10     11        (VIOLATED)
clkbuf_leaf_302_clk/X                    10     11        (VIOLATED)
clkbuf_leaf_303_clk/X                    10     11        (VIOLATED)
clkbuf_leaf_30_clk/X                     10     11        (VIOLATED)
clkbuf_leaf_310_clk/X                    10     11        (VIOLATED)
clkbuf_leaf_311_clk/X                    10     11        (VIOLATED)
clkbuf_leaf_312_clk/X                    10     11        (VIOLATED)
clkbuf_leaf_315_clk/X                    10     11        (VIOLATED)
clkbuf_leaf_317_clk/X                    10     11        (VIOLATED)
clkbuf_leaf_319_clk/X                    10     11        (VIOLATED)
clkbuf_leaf_324_clk/X                    10     11        (VIOLATED)
clkbuf_leaf_327_clk/X                    10     11        (VIOLATED)
clkbuf_leaf_330_clk/X                    10     11        (VIOLATED)
clkbuf_leaf_331_clk/X                    10     11        (VIOLATED)
clkbuf_leaf_337_clk/X                    10     11        (VIOLATED)
clkbuf_leaf_341_clk/X                    10     11        (VIOLATED)
clkbuf_leaf_354_clk/X                    10     11        (VIOLATED)
clkbuf_leaf_355_clk/X                    10     11        (VIOLATED)
clkbuf_leaf_358_clk/X                    10     11        (VIOLATED)
clkbuf_leaf_363_clk/X                    10     11        (VIOLATED)
clkbuf_leaf_366_clk/X                    10     11        (VIOLATED)
clkbuf_leaf_368_clk/X                    10     11        (VIOLATED)
clkbuf_leaf_36_clk/X                     10     11        (VIOLATED)
clkbuf_leaf_39_clk/X                     10     11        (VIOLATED)
clkbuf_leaf_3_clk/X                      10     11        (VIOLATED)
clkbuf_leaf_43_clk/X                     10     11        (VIOLATED)
clkbuf_leaf_58_clk/X                     10     11        (VIOLATED)
clkbuf_leaf_59_clk/X                     10     11        (VIOLATED)
clkbuf_leaf_60_clk/X                     10     11        (VIOLATED)
clkbuf_leaf_61_clk/X                     10     11        (VIOLATED)
clkbuf_leaf_62_clk/X                     10     11        (VIOLATED)
clkbuf_leaf_63_clk/X                     10     11        (VIOLATED)
clkbuf_leaf_79_clk/X                     10     11        (VIOLATED)
clkbuf_leaf_82_clk/X                     10     11        (VIOLATED)
clkbuf_leaf_86_clk/X                     10     11        (VIOLATED)
clkbuf_leaf_99_clk/X                     10     11        (VIOLATED)



===========================================================================
report_parasitic_annotation -report_unannotated
============================================================================
Found 4 unannotated drivers.
 _28023__39/HI
 _28172__42/HI
 _28173__41/HI
 _30760__40/HI
Found 0 partially unannotated drivers.

===========================================================================
max slew violation count 0
max fanout violation count 212
max cap violation count 0
============================================================================

===========================================================================
check_setup -verbose -unconstrained_endpoints -multiple_clock -no_clock -no_input_delay -loops -generated_clocks
===========================================================================
Warning: There are 4 unconstrained endpoints.
  _28023_/D
  _28172_/D
  _28173_/D
  _30760_/D
